

b1.add a column ssn at the first position in the table employ2

alter table employ2 add column SSN int first;
Query OK, 0 rows affected (1.59 sec)
Records: 0  Duplicates: 0  Warnings: 0

mysql> desc employ2;
+----------+-------------+------+-----+---------+-------+
| Field    | Type        | Null | Key | Default | Extra |
+----------+-------------+------+-----+---------+-------+
| SSN      | int         | YES  |     | NULL    |       |
| emp_id   | int         | NO   |     | NULL    |       |
| name     | varchar(20) | YES  |     | NULL    |       |
| city     | varchar(20) | YES  |     | NULL    |       |
| dob      | date        | YES  |     | NULL    |       |
| adhar_no | int         | YES  |     | NULL    |       |
+----------+-------------+------+-----+---------+-------+
6 rows in set (0.00 sec)

---------------------------------------------------------------------------------------------------------

b2.change the data type of the column dob in year in the table employ

mysql> alter table employ2 modify column dob year ;
Query OK, 0 rows affected (1.92 sec)
Records: 0  Duplicates: 0  Warnings: 0

mysql> desc employ2;
+----------+-------------+------+-----+---------+-------+
| Field    | Type        | Null | Key | Default | Extra |
+----------+-------------+------+-----+---------+-------+
| SSN      | int         | YES  |     | NULL    |       |
| emp_id   | int         | NO   |     | NULL    |       |
| name     | varchar(20) | YES  |     | NULL    |       |
| city     | varchar(20) | YES  |     | NULL    |       |
| dob      | year        | YES  |     | NULL    |       |
| adhar_no | int         | YES  |     | NULL    |       |
+----------+-------------+------+-----+---------+-------+
6 rows in set (0.00 sec)

mysql> 

---------------------------------------------------------------------------------------------------------------------

b3.delete the column emp_id the table employ


mysql> alter table employ2 drop column emp_id;
Query OK, 0 rows affected (1.58 sec)
Records: 0  Duplicates: 0  Warnings: 0

mysql> desc employ2;
+----------+-------------+------+-----+---------+-------+
| Field    | Type        | Null | Key | Default | Extra |
+----------+-------------+------+-----+---------+-------+
| SSN      | int         | YES  |     | NULL    |       |
| name     | varchar(20) | YES  |     | NULL    |       |
| city     | varchar(20) | YES  |     | NULL    |       |
| dob      | year        | YES  |     | NULL    |       |
| adhar_no | int         | YES  |     | NULL    |       |
+----------+-------------+------+-----+---------+-------+
5 rows in set (0.00 sec)

mysql> 


------------------------------------------------------------------------------------------------------------------------------

b4.add constarints unique for column ssn,adhar_no in table employ


mysql> alter table employ2 add constraint n1 unique (adhar_no);

mysql> alter table employ2 add constraint n2 unique (SSN);
Query OK, 0 rows affected (0.34 sec)
Records: 0  Duplicates: 0  Warnings: 0

mysql> desc employ2;
+----------+-------------+------+-----+---------+-------+
| Field    | Type        | Null | Key | Default | Extra |
+----------+-------------+------+-----+---------+-------+
| SSN      | int         | YES  | UNI | NULL    |       |
| name     | varchar(20) | YES  |     | NULL    |       |
| city     | varchar(20) | YES  |     | NULL    |       |
| dob      | year        | YES  |     | NULL    |       |
| adhar_no | int         | YES  | UNI | NULL    |       |
+----------+-------------+------+-----+---------+-------+
5 rows in set (0.00 sec)

mysql> 

----------------------------------------------------------------------------------------------------------------------------------

b5. delete the null constraint uof age in the student table

mysql> alter table studentsss modify age int null ;
Query OK, 0 rows affected (1.85 sec)
Records: 0  Duplicates: 0  Warnings: 0


mysql> desc studentsss;
+---------+-------------+------+-----+---------+-------+
| Field   | Type        | Null | Key | Default | Extra |
+---------+-------------+------+-----+---------+-------+
| roll_no | int         | NO   | PRI | NULL    |       |
| name    | varchar(20) | NO   |     | NULL    |       |
| age     | int         | YES  |     | NULL    |       |
| address | varchar(20) | YES  |     | NULL    |       |
| gender  | char(20)    | YES  |     | m       |       |
+---------+-------------+------+-----+---------+-------+
5 rows in set (0.00 sec)

mysql> 

-------------------------------------------------------------------------------------------------------------------------





b6. chane the table name employee as person

mysql> alter table employ2 rename to person;
Query OK, 0 rows affected (0.48 sec)

mysql> desc person;
+----------+-------------+------+-----+---------+-------+
| Field    | Type        | Null | Key | Default | Extra |
+----------+-------------+------+-----+---------+-------+
| SSN      | int         | YES  | UNI | NULL    |       |
| name     | varchar(20) | YES  |     | NULL    |       |
| city     | varchar(20) | YES  |     | NULL    |       |
| dob      | year        | YES  |     | NULL    |       |
| adhar_no | int         | YES  | UNI | NULL    |       |
+----------+-------------+------+-----+---------+-------+
5 rows in set (0.00 sec)

mysql> 

---------------------------------------------------------------------------------------------------------
b7. delete the table person

mysql> drop table person;
Query OK, 0 rows affected (0.38 sec)

mysql> desc person;
ERROR 1146 (42S02): Table 's1.person' doesn't exist
mysql> 











